// Jest Snapshot v1, https://goo.gl/fbAQLP

exports[`snapshot 1`] = `
.c0 {
  display: inline-block;
  padding: 6px 12px;
  font-size: 16px;
  font-family: Arial,sans-serif;
  line-height: 1.5;
  color: white;
  background-color: #6c757d;
  border: none;
  border-radius: 4px;
}

.c0:not(:disabled) {
  cursor: pointer;
}

.c0:hover {
  background-color: #5a6268;
}

<button
  class="c0"
/>
`;
